﻿[36mvite v7.3.1 [32mbuilding client environment for production...[36m[39m
transforming...
[32mÔ£ô[39m 781 modules transformed.
node.exe : 
[31mÔ£ù[39m Build 
failed in 990ms
No linha:1 caractere:1
+ & "C:\Program 
Files\nodejs/node.exe" 
"C:\Program 
Files\nodejs/node_mo 
...
+ ~~~~~~~~~~~~~~~~~~~~~
~~~~~~~~~~~~~~~~~~~~~~~
~~~~~~~~~~~~~~~~~~~~~~~
~~
    + CategoryInfo     
         : NotSpecifi  
  ed: ([31mÔ£ù[39m   
  Build failed in 9    
90ms:String) [], R    
emoteException
    + FullyQualifiedEr 
   rorId : NativeComm  
  andError
 
[31merror during 
build:
[31m[vite]: Rollup 
failed to resolve 
import 
"react-bootstrap" from 
"C:/Users/Bruno Lopes/D
ocuments/GitHub/catoleo
/client/src/pages/Buyer
sPage.jsx".
This is most likely 
unintended because it 
can break your 
application at runtime.
If you do want to 
externalize this 
module explicitly add 
it to
`build.rollupOptions.ex
ternal`[31m
    at viteLog (file://
/C:/Users/Bruno%20Lopes
/Documents/GitHub/catol
eo/client/node_modules/
vite/dist/node/chunks/c
onfig.js:33635:57)
    at file:///C:/Users
/Bruno%20Lopes/Document
s/GitHub/catoleo/client
/node_modules/vite/dist
/node/chunks/config.js:
33669:73
    at onwarn (file:///
C:/Users/Bruno%20Lopes/
Documents/GitHub/catole
o/client/node_modules/@
vitejs/plugin-react/dis
t/index.js:90:7)
    at file:///C:/Users
/Bruno%20Lopes/Document
s/GitHub/catoleo/client
/node_modules/vite/dist
/node/chunks/config.js:
33669:28
    at onRollupLog (fil
e:///C:/Users/Bruno%20L
opes/Documents/GitHub/c
atoleo/client/node_modu
les/vite/dist/node/chun
ks/config.js:33664:63)
    at onLog (file:///C
:/Users/Bruno%20Lopes/D
ocuments/GitHub/catoleo
/client/node_modules/vi
te/dist/node/chunks/con
fig.js:33467:4)
    at file:///C:/Users
/Bruno%20Lopes/Document
s/GitHub/catoleo/client
/node_modules/rollup/di
st/es/shared/node-entry
.js:20958:32
    at Object.logger 
[as onLog] (file:///C:/
Users/Bruno%20Lopes/Doc
uments/GitHub/catoleo/c
lient/node_modules/roll
up/dist/es/shared/node-
entry.js:22945:9)
    at ModuleLoader.han
dleInvalidResolvedId (f
ile:///C:/Users/Bruno%2
0Lopes/Documents/GitHub
/catoleo/client/node_mo
dules/rollup/dist/es/sh
ared/node-entry.js:2168
9:26)
    at file:///C:/Users
/Bruno%20Lopes/Document
s/GitHub/catoleo/client
/node_modules/rollup/di
st/es/shared/node-entry
.js:21647:26[39m
